[
  [
    [
      48,
      714
    ]
  ],
  [
    [
      48,
      878
    ]
  ],
  [
    [
      46,
      1048
    ]
  ],
  [
    [
      46,
      1216
    ]
  ],
  []
]