[
  "Option<type=SUPPORT,event=0/5,pos=(118, 332)>",
  "Option<type=MAIN,event=0/0,pos=(118, 438)>"
]