Training<lv=1 sta=9 gut=4 ski=2 ptn=oth,tm@2(16%)>