Training<lv=1 sta=13 gut=4 ski=4 ptn=spd@1(0%),sta@2^(0%)>