Training<lv=1 wis=10 spd=5 ski=4 ptn=frd@2,spd[0%],tm[0%]>